// Jest Snapshot v1, https://goo.gl/fbAQLP

exports[`HeaderTools renders properly 1`] = `
"<div class=\\"pf-c-page__header-tools\\"><div class=\\"pf-c-page__header-tools-group pf-m-icons\\"><button type=\\"button\\" aria-label=\\"Alerts\\" class=\\"pf-c-button pf-m-plain\\"><i aria-hidden=\\"true\\" class=\\"fas fa-bell\\"></i></button> <button type=\\"button\\" aria-label=\\"Settings\\" class=\\"pf-c-button pf-m-plain\\"><i aria-hidden=\\"true\\" class=\\"fas fa-cog\\"></i></button></div> <div class=\\"pf-c-page__header-tools-group\\"><div class=\\"pf-c-dropdown\\"><button id=\\"page-default-nav-dropdown\\" aria-expanded=\\"false\\" aria-label=\\"Actions\\" class=\\"pf-c-dropdown__toggle pf-m-mobile pf-m-plain\\"><i aria-hidden=\\"true\\" class=\\"fas fa-ellipsis-v\\"></i></button> <ul aria-labelledby=\\"page-default-nav-dropdown\\" hidden=\\"hidden\\" class=\\"pf-c-dropdown__menu pf-m-align-right\\"><li><a href=\\"#\\" class=\\"pf-c-dropdown__menu-item\\">Link</a></li> <li><button class=\\"pf-c-dropdown__menu-item\\">Action</button></li> <li><a aria-disabled=\\"true\\" tabindex=\\"-1\\" href=\\"#\\" class=\\"pf-c-dropdown__menu-item pf-m-disabled\\">
            Disabled link
          </a></li> <li><button disabled=\\"disabled\\" class=\\"pf-c-dropdown__menu-item\\">
            Disabled action
          </button></li> <li role=\\"separator\\" class=\\"pf-c-divider\\"></li> <li><a href=\\"#\\" class=\\"pf-c-dropdown__menu-item\\">Separated link</a></li></ul></div> <div class=\\"pf-m-user\\"><div class=\\"pf-c-dropdown\\"><button id=\\"page-default-nav-example-dropdown-button\\" aria-expanded=\\"false\\" class=\\"pf-c-dropdown__toggle pf-m-plain\\"><span class=\\"pf-c-dropdown__toggle-text\\">name</span> <i aria-hidden=\\"true\\" class=\\"fas fa-caret-down pf-c-dropdown__toggle-icon\\"></i></button> <!----></div></div></div></div>"
`;
