// Jest Snapshot v1, https://goo.gl/fbAQLP

exports[`Navigation renders properly 1`] = `"<nav id=\\"page-default-nav-primary-nav\\" aria-label=\\"Global\\" class=\\"pf-c-nav pf-m-dark\\"><ul class=\\"pf-c-nav__list\\"><li class=\\"pf-c-nav__item\\"><nuxt-link-stub to=\\"/\\" class=\\"pf-c-nav__link\\">Home</nuxt-link-stub> <nuxt-link-stub to=\\"/one\\" class=\\"pf-c-nav__link\\">Test Vuex Store</nuxt-link-stub> <nuxt-link-stub to=\\"/two\\" class=\\"pf-c-nav__link\\">Test Backend</nuxt-link-stub></li></ul></nav>"`;
