// Jest Snapshot v1, https://goo.gl/fbAQLP

exports[`Sidebar renders properly 1`] = `"<div class=\\"pf-c-page__sidebar pf-m-dark\\"><div class=\\"pf-c-page__sidebar-body\\"><navigation-stub></navigation-stub></div></div>"`;
