// Jest Snapshot v1, https://goo.gl/fbAQLP

exports[`Engagement Card matches the snapshot 1`] = `
Object {
  "asFragment": [Function],
  "baseElement": <body>
    <div>
      <article
        class="pf-c-card pf-m-compact"
        style="margin: 1rem; padding: 2rem 0.5rem;"
      >
        <div
          class="pf-c-card__body"
          style="padding: 0px 2rem;"
        >
          <div
            class="pf-l-grid pf-m-gutter"
            style="align-items: center;"
          >
            <div
              class="pf-l-grid__item pf-m-12-col-on-md pf-m-3-col-on-lg"
            >
              <button
                class="pf-c-button pf-m-link pf-m-inline"
                data-ouia-component-type="PF4/Button"
                data-ouia-safe="true"
                style="white-space: normal; word-wrap: break-word; text-align: left;"
                type="button"
              >
                <h3
                  class="pf-c-title pf-m-lg"
                  style="font-weight: bolder;"
                >
                  Test Title
                </h3>
              </button>
              <h4
                class="pf-c-title pf-m-md"
                style="font-weight: normal;"
              />
            </div>
            <div
              class="pf-l-grid__item pf-m-12-col-on-md pf-m-7-col-on-lg"
            >
              <div>
                 Test Child Component 
              </div>
            </div>
            <div
              class="pf-l-grid__item pf-m-12-col-on-sm pf-m-4-col-on-md pf-m-2-col-on-lg"
            >
              <button
                class="pf-c-button pf-m-secondary"
                data-cy="view_engagement_button"
                data-ouia-component-type="PF4/Button"
                data-ouia-safe="true"
                type="button"
              >
                View Engagement
              </button>
            </div>
          </div>
        </div>
      </article>
    </div>
  </body>,
  "container": <div>
    <article
      class="pf-c-card pf-m-compact"
      style="margin: 1rem; padding: 2rem 0.5rem;"
    >
      <div
        class="pf-c-card__body"
        style="padding: 0px 2rem;"
      >
        <div
          class="pf-l-grid pf-m-gutter"
          style="align-items: center;"
        >
          <div
            class="pf-l-grid__item pf-m-12-col-on-md pf-m-3-col-on-lg"
          >
            <button
              class="pf-c-button pf-m-link pf-m-inline"
              data-ouia-component-type="PF4/Button"
              data-ouia-safe="true"
              style="white-space: normal; word-wrap: break-word; text-align: left;"
              type="button"
            >
              <h3
                class="pf-c-title pf-m-lg"
                style="font-weight: bolder;"
              >
                Test Title
              </h3>
            </button>
            <h4
              class="pf-c-title pf-m-md"
              style="font-weight: normal;"
            />
          </div>
          <div
            class="pf-l-grid__item pf-m-12-col-on-md pf-m-7-col-on-lg"
          >
            <div>
               Test Child Component 
            </div>
          </div>
          <div
            class="pf-l-grid__item pf-m-12-col-on-sm pf-m-4-col-on-md pf-m-2-col-on-lg"
          >
            <button
              class="pf-c-button pf-m-secondary"
              data-cy="view_engagement_button"
              data-ouia-component-type="PF4/Button"
              data-ouia-safe="true"
              type="button"
            >
              View Engagement
            </button>
          </div>
        </div>
      </div>
    </article>
  </div>,
  "debug": [Function],
  "findAllByAltText": [Function],
  "findAllByDisplayValue": [Function],
  "findAllByLabelText": [Function],
  "findAllByPlaceholderText": [Function],
  "findAllByRole": [Function],
  "findAllByTestId": [Function],
  "findAllByText": [Function],
  "findAllByTitle": [Function],
  "findByAltText": [Function],
  "findByDisplayValue": [Function],
  "findByLabelText": [Function],
  "findByPlaceholderText": [Function],
  "findByRole": [Function],
  "findByTestId": [Function],
  "findByText": [Function],
  "findByTitle": [Function],
  "getAllByAltText": [Function],
  "getAllByDisplayValue": [Function],
  "getAllByLabelText": [Function],
  "getAllByPlaceholderText": [Function],
  "getAllByRole": [Function],
  "getAllByTestId": [Function],
  "getAllByText": [Function],
  "getAllByTitle": [Function],
  "getByAltText": [Function],
  "getByDisplayValue": [Function],
  "getByLabelText": [Function],
  "getByPlaceholderText": [Function],
  "getByRole": [Function],
  "getByTestId": [Function],
  "getByText": [Function],
  "getByTitle": [Function],
  "queryAllByAltText": [Function],
  "queryAllByDisplayValue": [Function],
  "queryAllByLabelText": [Function],
  "queryAllByPlaceholderText": [Function],
  "queryAllByRole": [Function],
  "queryAllByTestId": [Function],
  "queryAllByText": [Function],
  "queryAllByTitle": [Function],
  "queryByAltText": [Function],
  "queryByDisplayValue": [Function],
  "queryByLabelText": [Function],
  "queryByPlaceholderText": [Function],
  "queryByRole": [Function],
  "queryByTestId": [Function],
  "queryByText": [Function],
  "queryByTitle": [Function],
  "rerender": [Function],
  "unmount": [Function],
}
`;
