// Jest Snapshot v1, https://goo.gl/fbAQLP

exports[`Engagement Button Pane UI should match snapshot 1`] = `<UNDEFINED />`;
