// Jest Snapshot v1, https://goo.gl/fbAQLP

exports[`OMP Header UI should match snapshot 1`] = `<UNDEFINED />`;
