// Jest Snapshot v1, https://goo.gl/fbAQLP

exports[`OMP Engagement Nav UI should match snapshot 1`] = `<UNDEFINED />`;
