// Jest Snapshot v1, https://goo.gl/fbAQLP

exports[`User Dropdown UI should match snapshot 1`] = `<UserDropdown />`;
