// Jest Snapshot v1, https://goo.gl/fbAQLP

exports[`Date window selector matches snapshot 1`] = `
Object {
  "asFragment": [Function],
  "baseElement": <body>
    <div>
      <div>
        <div
          class="pf-c-toggle-group"
          role="group"
        >
          <div
            class="pf-c-toggle-group__item"
            data-testid="1w-window"
          >
            <button
              aria-pressed="false"
              class="pf-c-toggle-group__button pf-m-light"
              type="button"
            >
              <span
                class="pf-c-toggle-group__text"
              >
                1w
              </span>
            </button>
          </div>
          <div
            class="pf-c-divider pf-m-vertical"
            role="separator"
          />
          <div
            class="pf-c-toggle-group__item"
            data-testid="1m-window"
          >
            <button
              aria-pressed="false"
              class="pf-c-toggle-group__button pf-m-light"
              type="button"
            >
              <span
                class="pf-c-toggle-group__text"
              >
                1m
              </span>
            </button>
          </div>
          <div
            class="pf-c-divider pf-m-vertical"
            role="separator"
          />
          <div
            class="pf-c-toggle-group__item"
            data-testid="3m-window"
          >
            <button
              aria-pressed="false"
              class="pf-c-toggle-group__button pf-m-light"
              type="button"
            >
              <span
                class="pf-c-toggle-group__text"
              >
                3m
              </span>
            </button>
          </div>
          <div
            class="pf-c-divider pf-m-vertical"
            role="separator"
          />
          <div
            class="pf-c-toggle-group__item"
            data-testid="6m-window"
          >
            <button
              aria-pressed="false"
              class="pf-c-toggle-group__button pf-m-light"
              type="button"
            >
              <span
                class="pf-c-toggle-group__text"
              >
                6m
              </span>
            </button>
          </div>
          <div
            class="pf-c-divider pf-m-vertical"
            role="separator"
          />
          <div
            class="pf-c-toggle-group__item"
            data-testid="1y-window"
          >
            <button
              aria-pressed="false"
              class="pf-c-toggle-group__button pf-m-light"
              type="button"
            >
              <span
                class="pf-c-toggle-group__text"
              >
                1y
              </span>
            </button>
          </div>
          <div
            class="pf-c-divider pf-m-vertical"
            role="separator"
          />
          <div
            class="pf-c-toggle-group__item"
            data-testid="q1"
          >
            <button
              aria-pressed="false"
              class="pf-c-toggle-group__button pf-m-light"
              type="button"
            >
              <span
                class="pf-c-toggle-group__text"
              >
                Q1'21
              </span>
            </button>
          </div>
          <div
            class="pf-c-divider pf-m-vertical"
            role="separator"
          />
          <div
            class="pf-c-toggle-group__item"
            data-testid="q4"
          >
            <button
              aria-pressed="false"
              class="pf-c-toggle-group__button pf-m-light"
              type="button"
            >
              <span
                class="pf-c-toggle-group__text"
              >
                Q4'20
              </span>
            </button>
          </div>
          <div
            class="pf-c-divider pf-m-vertical"
            role="separator"
          />
          <div
            class="pf-c-toggle-group__item"
            data-testid="q3"
          >
            <button
              aria-pressed="false"
              class="pf-c-toggle-group__button pf-m-light"
              type="button"
            >
              <span
                class="pf-c-toggle-group__text"
              >
                Q3'20
              </span>
            </button>
          </div>
          <div
            class="pf-c-divider pf-m-vertical"
            role="separator"
          />
          <div
            class="pf-c-toggle-group__item"
            data-testid="q2"
          >
            <button
              aria-pressed="false"
              class="pf-c-toggle-group__button pf-m-light"
              type="button"
            >
              <span
                class="pf-c-toggle-group__text"
              >
                Q2'20
              </span>
            </button>
          </div>
          <div
            class="pf-c-divider pf-m-vertical"
            role="separator"
          />
          <div
            class="pf-c-toggle-group__item"
            data-testid="alltime-window"
          >
            <button
              aria-pressed="true"
              class="pf-c-toggle-group__button pf-m-light pf-m-selected"
              type="button"
            >
              <span
                class="pf-c-toggle-group__text"
              >
                All Time
              </span>
            </button>
          </div>
        </div>
      </div>
    </div>
  </body>,
  "container": <div>
    <div>
      <div
        class="pf-c-toggle-group"
        role="group"
      >
        <div
          class="pf-c-toggle-group__item"
          data-testid="1w-window"
        >
          <button
            aria-pressed="false"
            class="pf-c-toggle-group__button pf-m-light"
            type="button"
          >
            <span
              class="pf-c-toggle-group__text"
            >
              1w
            </span>
          </button>
        </div>
        <div
          class="pf-c-divider pf-m-vertical"
          role="separator"
        />
        <div
          class="pf-c-toggle-group__item"
          data-testid="1m-window"
        >
          <button
            aria-pressed="false"
            class="pf-c-toggle-group__button pf-m-light"
            type="button"
          >
            <span
              class="pf-c-toggle-group__text"
            >
              1m
            </span>
          </button>
        </div>
        <div
          class="pf-c-divider pf-m-vertical"
          role="separator"
        />
        <div
          class="pf-c-toggle-group__item"
          data-testid="3m-window"
        >
          <button
            aria-pressed="false"
            class="pf-c-toggle-group__button pf-m-light"
            type="button"
          >
            <span
              class="pf-c-toggle-group__text"
            >
              3m
            </span>
          </button>
        </div>
        <div
          class="pf-c-divider pf-m-vertical"
          role="separator"
        />
        <div
          class="pf-c-toggle-group__item"
          data-testid="6m-window"
        >
          <button
            aria-pressed="false"
            class="pf-c-toggle-group__button pf-m-light"
            type="button"
          >
            <span
              class="pf-c-toggle-group__text"
            >
              6m
            </span>
          </button>
        </div>
        <div
          class="pf-c-divider pf-m-vertical"
          role="separator"
        />
        <div
          class="pf-c-toggle-group__item"
          data-testid="1y-window"
        >
          <button
            aria-pressed="false"
            class="pf-c-toggle-group__button pf-m-light"
            type="button"
          >
            <span
              class="pf-c-toggle-group__text"
            >
              1y
            </span>
          </button>
        </div>
        <div
          class="pf-c-divider pf-m-vertical"
          role="separator"
        />
        <div
          class="pf-c-toggle-group__item"
          data-testid="q1"
        >
          <button
            aria-pressed="false"
            class="pf-c-toggle-group__button pf-m-light"
            type="button"
          >
            <span
              class="pf-c-toggle-group__text"
            >
              Q1'21
            </span>
          </button>
        </div>
        <div
          class="pf-c-divider pf-m-vertical"
          role="separator"
        />
        <div
          class="pf-c-toggle-group__item"
          data-testid="q4"
        >
          <button
            aria-pressed="false"
            class="pf-c-toggle-group__button pf-m-light"
            type="button"
          >
            <span
              class="pf-c-toggle-group__text"
            >
              Q4'20
            </span>
          </button>
        </div>
        <div
          class="pf-c-divider pf-m-vertical"
          role="separator"
        />
        <div
          class="pf-c-toggle-group__item"
          data-testid="q3"
        >
          <button
            aria-pressed="false"
            class="pf-c-toggle-group__button pf-m-light"
            type="button"
          >
            <span
              class="pf-c-toggle-group__text"
            >
              Q3'20
            </span>
          </button>
        </div>
        <div
          class="pf-c-divider pf-m-vertical"
          role="separator"
        />
        <div
          class="pf-c-toggle-group__item"
          data-testid="q2"
        >
          <button
            aria-pressed="false"
            class="pf-c-toggle-group__button pf-m-light"
            type="button"
          >
            <span
              class="pf-c-toggle-group__text"
            >
              Q2'20
            </span>
          </button>
        </div>
        <div
          class="pf-c-divider pf-m-vertical"
          role="separator"
        />
        <div
          class="pf-c-toggle-group__item"
          data-testid="alltime-window"
        >
          <button
            aria-pressed="true"
            class="pf-c-toggle-group__button pf-m-light pf-m-selected"
            type="button"
          >
            <span
              class="pf-c-toggle-group__text"
            >
              All Time
            </span>
          </button>
        </div>
      </div>
    </div>
  </div>,
  "debug": [Function],
  "findAllByAltText": [Function],
  "findAllByDisplayValue": [Function],
  "findAllByLabelText": [Function],
  "findAllByPlaceholderText": [Function],
  "findAllByRole": [Function],
  "findAllByTestId": [Function],
  "findAllByText": [Function],
  "findAllByTitle": [Function],
  "findByAltText": [Function],
  "findByDisplayValue": [Function],
  "findByLabelText": [Function],
  "findByPlaceholderText": [Function],
  "findByRole": [Function],
  "findByTestId": [Function],
  "findByText": [Function],
  "findByTitle": [Function],
  "getAllByAltText": [Function],
  "getAllByDisplayValue": [Function],
  "getAllByLabelText": [Function],
  "getAllByPlaceholderText": [Function],
  "getAllByRole": [Function],
  "getAllByTestId": [Function],
  "getAllByText": [Function],
  "getAllByTitle": [Function],
  "getByAltText": [Function],
  "getByDisplayValue": [Function],
  "getByLabelText": [Function],
  "getByPlaceholderText": [Function],
  "getByRole": [Function],
  "getByTestId": [Function],
  "getByText": [Function],
  "getByTitle": [Function],
  "queryAllByAltText": [Function],
  "queryAllByDisplayValue": [Function],
  "queryAllByLabelText": [Function],
  "queryAllByPlaceholderText": [Function],
  "queryAllByRole": [Function],
  "queryAllByTestId": [Function],
  "queryAllByText": [Function],
  "queryAllByTitle": [Function],
  "queryByAltText": [Function],
  "queryByDisplayValue": [Function],
  "queryByLabelText": [Function],
  "queryByPlaceholderText": [Function],
  "queryByRole": [Function],
  "queryByTestId": [Function],
  "queryByText": [Function],
  "queryByTitle": [Function],
  "rerender": [Function],
  "unmount": [Function],
}
`;
