// Jest Snapshot v1, https://goo.gl/fbAQLP

exports[`Activity History Details Modal matches snapshot 1`] = `
Object {
  "asFragment": [Function],
  "baseElement": <body
    class="pf-c-backdrop__open"
  >
    <div
      aria-hidden="true"
    />
    <div>
      <div
        class="pf-c-backdrop"
      >
        <div
          class="pf-l-bullseye"
        >
          <div
            aria-describedby="pf-modal-part-2"
            aria-labelledby="pf-modal-part-1"
            aria-modal="true"
            class="pf-c-modal-box pf-m-sm"
            data-ouia-component-id="0"
            data-ouia-component-type="PF4/ModalContent"
            data-ouia-safe="true"
            id="pf-modal-part-0"
            role="dialog"
          >
            <button
              aria-disabled="false"
              aria-label="Close"
              class="pf-c-button pf-m-plain"
              data-ouia-component-id="1"
              data-ouia-component-type="PF4/Button"
              data-ouia-safe="true"
              type="button"
            >
              <svg
                aria-hidden="true"
                fill="currentColor"
                height="1em"
                role="img"
                style="vertical-align: -0.125em;"
                viewBox="0 0 352 512"
                width="1em"
              >
                <path
                  d="M242.72 256l100.07-100.07c12.28-12.28 12.28-32.19 0-44.48l-22.24-22.24c-12.28-12.28-32.19-12.28-44.48 0L176 189.28 75.93 89.21c-12.28-12.28-32.19-12.28-44.48 0L9.21 111.45c-12.28 12.28-12.28 32.19 0 44.48L109.28 256 9.21 356.07c-12.28 12.28-12.28 32.19 0 44.48l22.24 22.24c12.28 12.28 32.2 12.28 44.48 0L176 322.72l100.07 100.07c12.28 12.28 32.2 12.28 44.48 0l22.24-22.24c12.28-12.28 12.28-32.19 0-44.48L242.72 256z"
                  transform=""
                />
              </svg>
            </button>
            <header
              class="pf-c-modal-box__header"
            >
              <h1
                class="pf-c-modal-box__title pf-c-modal-box__title"
                id="pf-modal-part-1"
              >
                Activity History
              </h1>
            </header>
            <div
              class="pf-c-modal-box__body"
              id="pf-modal-part-2"
            >
              <div
                data-testid="activity_history_modal"
              >
                <section
                  class="pf-c-page__main-section"
                >
                  <dl
                    aria-label=""
                    class="pf-c-accordion"
                  >
                    <div>
                      <button
                        aria-expanded="false"
                        class="pf-c-accordion__toggle"
                        id="1"
                      >
                        <span
                          class="pf-c-accordion__toggle-text"
                        >
                          <div
                            class="pf-l-flex"
                          >
                            <div
                              class=""
                            >
                              <span>
                                1 Feb  2020, 00:00 UTC-05
                              </span>
                            </div>
                            <div
                              class=""
                            >
                              <span>
                                A commit message
                              </span>
                            </div>
                            <div
                              class=""
                            >
                              random-user@example.com
                            </div>
                          </div>
                        </span>
                        <span
                          class="pf-c-accordion__toggle-icon"
                        >
                          <svg
                            aria-hidden="true"
                            fill="currentColor"
                            height="1em"
                            role="img"
                            style="vertical-align: -0.125em;"
                            viewBox="0 0 256 512"
                            width="1em"
                          >
                            <path
                              d="M224.3 273l-136 136c-9.4 9.4-24.6 9.4-33.9 0l-22.6-22.6c-9.4-9.4-9.4-24.6 0-33.9l96.4-96.4-96.4-96.4c-9.4-9.4-9.4-24.6 0-33.9L54.3 103c9.4-9.4 24.6-9.4 33.9 0l136 136c9.5 9.4 9.5 24.6.1 34z"
                              transform=""
                            />
                          </svg>
                        </span>
                      </button>
                    </div>
                    <dd
                      aria-label=""
                      class="pf-c-accordion__expanded-content"
                      hidden=""
                      id=""
                    >
                      <div
                        class="pf-c-accordion__expanded-content-body"
                      >
                        <div>
                          <div>
                            <span
                              style="white-space: pre-wrap;"
                            >
                              A commit message
                            </span>
                          </div>
                          <div>
                            <a
                              href="https://gitlab.example.com/my-org/engagements/company/project/iac/-/commit/e169e7c04a9c180a7a75af124f0cbfc657fc47ae"
                            >
                              See in GitLab
                            </a>
                          </div>
                        </div>
                      </div>
                    </dd>
                  </dl>
                </section>
                <section
                  class="pf-c-page__main-section"
                >
                  <div
                    style="margin-top: 1rem;"
                  >
                    <div
                      class="pf-l-flex pf-m-justify-content-flex-end"
                    >
                      <div
                        class=""
                      >
                        <div>
                          <button
                            aria-disabled="false"
                            class="pf-c-button pf-m-primary"
                            data-ouia-component-id="2"
                            data-ouia-component-type="PF4/Button"
                            data-ouia-safe="true"
                            type="button"
                          >
                            Close
                          </button>
                        </div>
                      </div>
                    </div>
                  </div>
                </section>
              </div>
            </div>
          </div>
        </div>
      </div>
    </div>
  </body>,
  "container": <div
    aria-hidden="true"
  />,
  "debug": [Function],
  "findAllByAltText": [Function],
  "findAllByDisplayValue": [Function],
  "findAllByLabelText": [Function],
  "findAllByPlaceholderText": [Function],
  "findAllByRole": [Function],
  "findAllByTestId": [Function],
  "findAllByText": [Function],
  "findAllByTitle": [Function],
  "findByAltText": [Function],
  "findByDisplayValue": [Function],
  "findByLabelText": [Function],
  "findByPlaceholderText": [Function],
  "findByRole": [Function],
  "findByTestId": [Function],
  "findByText": [Function],
  "findByTitle": [Function],
  "getAllByAltText": [Function],
  "getAllByDisplayValue": [Function],
  "getAllByLabelText": [Function],
  "getAllByPlaceholderText": [Function],
  "getAllByRole": [Function],
  "getAllByTestId": [Function],
  "getAllByText": [Function],
  "getAllByTitle": [Function],
  "getByAltText": [Function],
  "getByDisplayValue": [Function],
  "getByLabelText": [Function],
  "getByPlaceholderText": [Function],
  "getByRole": [Function],
  "getByTestId": [Function],
  "getByText": [Function],
  "getByTitle": [Function],
  "queryAllByAltText": [Function],
  "queryAllByDisplayValue": [Function],
  "queryAllByLabelText": [Function],
  "queryAllByPlaceholderText": [Function],
  "queryAllByRole": [Function],
  "queryAllByTestId": [Function],
  "queryAllByText": [Function],
  "queryAllByTitle": [Function],
  "queryByAltText": [Function],
  "queryByDisplayValue": [Function],
  "queryByLabelText": [Function],
  "queryByPlaceholderText": [Function],
  "queryByRole": [Function],
  "queryByTestId": [Function],
  "queryByText": [Function],
  "queryByTitle": [Function],
  "rerender": [Function],
  "unmount": [Function],
}
`;
