// Jest Snapshot v1, https://goo.gl/fbAQLP

exports[`Point of Contact edit modal matches snapshot 1`] = `
Object {
  "asFragment": [Function],
  "baseElement": <body
    class="pf-c-backdrop__open"
  >
    <div
      aria-hidden="true"
    />
    <div>
      <div
        class="pf-c-backdrop"
      >
        <div
          class="pf-l-bullseye"
        >
          <div
            aria-describedby="pf-modal-part-2"
            aria-labelledby="pf-modal-part-1"
            aria-modal="true"
            class="pf-c-modal-box pf-m-sm"
            id="pf-modal-part-0"
            role="dialog"
          >
            <button
              aria-label="Close"
              class="pf-c-button pf-m-plain"
              data-ouia-component-type="PF4/Button"
              data-ouia-safe="true"
              type="button"
            >
              <svg
                aria-hidden="true"
                fill="currentColor"
                height="1em"
                role="img"
                style="vertical-align: -0.125em;"
                viewBox="0 0 352 512"
                width="1em"
              >
                <path
                  d="M242.72 256l100.07-100.07c12.28-12.28 12.28-32.19 0-44.48l-22.24-22.24c-12.28-12.28-32.19-12.28-44.48 0L176 189.28 75.93 89.21c-12.28-12.28-32.19-12.28-44.48 0L9.21 111.45c-12.28 12.28-12.28 32.19 0 44.48L109.28 256 9.21 356.07c-12.28 12.28-12.28 32.19 0 44.48l22.24 22.24c12.28 12.28 32.2 12.28 44.48 0L176 322.72l100.07 100.07c12.28 12.28 32.2 12.28 44.48 0l22.24-22.24c12.28-12.28 12.28-32.19 0-44.48L242.72 256z"
                  transform=""
                />
              </svg>
            </button>
            <header
              class="pf-c-modal-box__header"
            >
              <h1
                class="pf-c-modal-box__title"
                id="pf-modal-part-1"
              >
                Engagement Summary
              </h1>
            </header>
            <div
              class="pf-c-modal-box__body"
              id="pf-modal-part-2"
            >
              <section
                class="pf-c-page__main-section"
              >
                <form
                  class="pf-c-form"
                  novalidate=""
                >
                  <div
                    class="pf-c-form__group"
                  >
                    <div
                      class="pf-c-form__group-label"
                    >
                      <label
                        class="pf-c-form__label"
                        for="description"
                      >
                        <span
                          class="pf-c-form__label-text"
                        >
                          Description
                        </span>
                      </label>
                       
                    </div>
                    <div
                      class="pf-c-form__group-control"
                    >
                      <textarea
                        aria-invalid="false"
                        aria-label="engagement description"
                        class="pf-c-form-control pf-m-resize-vertical"
                        data-cy="description_field"
                        disabled=""
                        id="description"
                        name="description"
                        placeholder="Description and notes for the Engagement"
                      >
                        It's rocket science
                      </textarea>
                      
                    </div>
                  </div>
                  <div
                    class="pf-c-form__group"
                  >
                    <div
                      class="pf-c-form__group-label"
                    >
                      <label
                        class="pf-c-form__label"
                        for="engagement-location"
                      >
                        <span
                          class="pf-c-form__label-text"
                        >
                          Location
                        </span>
                      </label>
                       
                    </div>
                    <div
                      class="pf-c-form__group-control"
                    >
                      <input
                        aria-invalid="false"
                        class="pf-c-form-control"
                        data-cy="location_field"
                        data-testid="location-field"
                        disabled=""
                        id="location"
                        name="location"
                        placeholder="e.g. Pasadena, CA"
                        type="text"
                        value="Nashville, TN"
                      />
                      <div
                        aria-live="polite"
                        class="pf-c-form__helper-text"
                        id="engagement-location-helper"
                      >
                        Where will this be held?
                      </div>
                    </div>
                  </div>
                  <div
                    class="pf-c-form__group"
                  >
                    <div
                      class="pf-c-form__group-label"
                    >
                      <label
                        class="pf-c-form__label"
                        for="engagement-dates"
                      >
                        <span
                          class="pf-c-form__label-text"
                        >
                          Start and End Dates
                        </span>
                        <span
                          aria-hidden="true"
                          class="pf-c-form__label-required"
                        >
                           
                          *
                        </span>
                      </label>
                       
                    </div>
                    <div
                      class="pf-c-form__group-control"
                    >
                      <div
                        class="pf-c-input-group"
                        label="Engagement Duration"
                      >
                        <label
                          class="pf-c-input-group__text"
                          for="engagement-duration"
                        >
                          <svg
                            aria-hidden="true"
                            fill="currentColor"
                            height="1em"
                            role="img"
                            style="vertical-align: -0.125em;"
                            viewBox="0 0 448 512"
                            width="1em"
                          >
                            <path
                              d="M0 464c0 26.5 21.5 48 48 48h352c26.5 0 48-21.5 48-48V192H0v272zm320-196c0-6.6 5.4-12 12-12h40c6.6 0 12 5.4 12 12v40c0 6.6-5.4 12-12 12h-40c-6.6 0-12-5.4-12-12v-40zm0 128c0-6.6 5.4-12 12-12h40c6.6 0 12 5.4 12 12v40c0 6.6-5.4 12-12 12h-40c-6.6 0-12-5.4-12-12v-40zM192 268c0-6.6 5.4-12 12-12h40c6.6 0 12 5.4 12 12v40c0 6.6-5.4 12-12 12h-40c-6.6 0-12-5.4-12-12v-40zm0 128c0-6.6 5.4-12 12-12h40c6.6 0 12 5.4 12 12v40c0 6.6-5.4 12-12 12h-40c-6.6 0-12-5.4-12-12v-40zM64 268c0-6.6 5.4-12 12-12h40c6.6 0 12 5.4 12 12v40c0 6.6-5.4 12-12 12H76c-6.6 0-12-5.4-12-12v-40zm0 128c0-6.6 5.4-12 12-12h40c6.6 0 12 5.4 12 12v40c0 6.6-5.4 12-12 12H76c-6.6 0-12-5.4-12-12v-40zM400 64h-48V16c0-8.8-7.2-16-16-16h-32c-8.8 0-16 7.2-16 16v48H160V16c0-8.8-7.2-16-16-16h-32c-8.8 0-16 7.2-16 16v48H48C21.5 64 0 85.5 0 112v48h448v-48c0-26.5-21.5-48-48-48z"
                              transform=""
                            />
                          </svg>
                        </label>
                        <input
                          aria-invalid="false"
                          aria-label="The start date."
                          class="pf-c-form-control"
                          data-cy="start_date_input"
                          disabled=""
                          id="start_date"
                          name="start_date"
                          type="date"
                          value="2020-06-01"
                        />
                        <input
                          aria-invalid="false"
                          aria-label="The end date"
                          class="pf-c-form-control"
                          data-cy="end_date_input"
                          disabled=""
                          id="end_date"
                          min="2020-08-03"
                          name="end_date"
                          type="date"
                          value="2020-07-01"
                        />
                      </div>
                      <div
                        aria-live="polite"
                        class="pf-c-form__helper-text"
                        id="engagement-dates-helper"
                      >
                        What is the duration?
                      </div>
                    </div>
                  </div>
                  <div
                    class="pf-c-form__group"
                  >
                    <div
                      class="pf-c-form__group-label"
                    >
                      <label
                        class="pf-c-form__label"
                        for="retirement"
                      >
                        <span
                          class="pf-c-form__label-text"
                        >
                          <span
                            title="Modifying the retirement date will impact the total cost of the residency.
Any changes to this field should be coordinated with Labs leadership."
                          >
                            Environment Retirement Date 
                            <svg
                              aria-hidden="true"
                              fill="currentColor"
                              height="1em"
                              role="img"
                              style="vertical-align: -0.125em;"
                              viewBox="0 0 512 512"
                              width="1em"
                            >
                              <path
                                d="M256 8C119.043 8 8 119.083 8 256c0 136.997 111.043 248 248 248s248-111.003 248-248C504 119.083 392.957 8 256 8zm0 110c23.196 0 42 18.804 42 42s-18.804 42-42 42-42-18.804-42-42 18.804-42 42-42zm56 254c0 6.627-5.373 12-12 12h-88c-6.627 0-12-5.373-12-12v-24c0-6.627 5.373-12 12-12h12v-64h-12c-6.627 0-12-5.373-12-12v-24c0-6.627 5.373-12 12-12h64c6.627 0 12 5.373 12 12v100h12c6.627 0 12 5.373 12 12v24z"
                                transform=""
                              />
                            </svg>
                          </span>
                        </span>
                      </label>
                       
                    </div>
                    <div
                      class="pf-c-form__group-control"
                    >
                      <div
                        class="pf-c-input-group"
                        label="Retirement Date"
                      >
                        <input
                          aria-invalid="false"
                          aria-label="Environment Retirement Date"
                          class="pf-c-form-control"
                          data-cy="retirement_date_input"
                          disabled=""
                          id="archive_date"
                          min="2020-07-01"
                          name="archive_date"
                          type="date"
                          value="2020-07-30"
                        />
                      </div>
                      
                    </div>
                  </div>
                </form>
              </section>
              <section
                class="pf-c-page__main-section"
              >
                <div
                  style="margin-top: 1rem;"
                >
                  <div
                    class="pf-l-flex pf-m-justify-content-flex-end"
                  >
                    <div
                      class=""
                    >
                      <div>
                        <button
                          class="pf-c-button pf-m-primary"
                          data-cy="save_summary_card"
                          data-ouia-component-type="PF4/Button"
                          data-ouia-safe="true"
                          data-testid="engagement-summary-save"
                          type="button"
                        >
                          Save
                        </button>
                      </div>
                    </div>
                  </div>
                </div>
              </section>
            </div>
          </div>
        </div>
      </div>
    </div>
  </body>,
  "container": <div
    aria-hidden="true"
  />,
  "debug": [Function],
  "findAllByAltText": [Function],
  "findAllByDisplayValue": [Function],
  "findAllByLabelText": [Function],
  "findAllByPlaceholderText": [Function],
  "findAllByRole": [Function],
  "findAllByTestId": [Function],
  "findAllByText": [Function],
  "findAllByTitle": [Function],
  "findByAltText": [Function],
  "findByDisplayValue": [Function],
  "findByLabelText": [Function],
  "findByPlaceholderText": [Function],
  "findByRole": [Function],
  "findByTestId": [Function],
  "findByText": [Function],
  "findByTitle": [Function],
  "getAllByAltText": [Function],
  "getAllByDisplayValue": [Function],
  "getAllByLabelText": [Function],
  "getAllByPlaceholderText": [Function],
  "getAllByRole": [Function],
  "getAllByTestId": [Function],
  "getAllByText": [Function],
  "getAllByTitle": [Function],
  "getByAltText": [Function],
  "getByDisplayValue": [Function],
  "getByLabelText": [Function],
  "getByPlaceholderText": [Function],
  "getByRole": [Function],
  "getByTestId": [Function],
  "getByText": [Function],
  "getByTitle": [Function],
  "queryAllByAltText": [Function],
  "queryAllByDisplayValue": [Function],
  "queryAllByLabelText": [Function],
  "queryAllByPlaceholderText": [Function],
  "queryAllByRole": [Function],
  "queryAllByTestId": [Function],
  "queryAllByText": [Function],
  "queryAllByTitle": [Function],
  "queryByAltText": [Function],
  "queryByDisplayValue": [Function],
  "queryByLabelText": [Function],
  "queryByPlaceholderText": [Function],
  "queryByRole": [Function],
  "queryByTestId": [Function],
  "queryByText": [Function],
  "queryByTitle": [Function],
  "rerender": [Function],
  "unmount": [Function],
}
`;
