// Jest Snapshot v1, https://goo.gl/fbAQLP

exports[`Create New Engagement Route should match snapshot 1`] = `
Object {
  "asFragment": [Function],
  "baseElement": <body>
    <div>
      <div
        style="min-height: 100%; display: flex; flex-direction: column;"
      >
        <section
          class="pf-c-page__main-section pf-m-light"
        >
          <h1
            class="pf-c-title pf-m-2xl"
          >
            Create New Engagement
          </h1>
          <h6
            class=""
            data-pf-content="true"
          >
            To create a new Engagement, please enter a client and product name then click submit.
          </h6>
        </section>
        <section
          class="pf-c-page__main-section pf-m-fill"
        >
          <div
            class="pf-l-grid"
          >
            <div
              class="pf-l-grid__item pf-m-12-col-on-md pf-m-6-col-on-lg"
            >
              <form
                class="pf-c-form"
                novalidate=""
              >
                <div
                  class="pf-c-form__group"
                >
                  <div
                    class="pf-c-form__group-label"
                  >
                    <label
                      class="pf-c-form__label"
                      for="customer-name"
                    >
                      <span
                        class="pf-c-form__label-text"
                      >
                        <div
                          style="display: inline-block;"
                        >
                          <h2
                            class="pf-c-title pf-m-xl"
                          >
                            Client Name  
                            <svg
                              aria-hidden="true"
                              fill="lightgrey"
                              height="1em"
                              role="img"
                              style="vertical-align: -0.125em;"
                              viewBox="0 0 512 512"
                              width="1em"
                            >
                              <path
                                d="M504 256c0 136.967-111.033 248-248 248S8 392.967 8 256 119.033 8 256 8s248 111.033 248 248zM227.314 387.314l184-184c6.248-6.248 6.248-16.379 0-22.627l-22.627-22.627c-6.248-6.249-16.379-6.249-22.628 0L216 308.118l-70.059-70.059c-6.248-6.248-16.379-6.248-22.628 0l-22.627 22.627c-6.248 6.248-6.248 16.379 0 22.627l104 104c6.249 6.249 16.379 6.249 22.628.001z"
                                transform=""
                              />
                            </svg>
                          </h2>
                        </div>
                      </span>
                    </label>
                     
                  </div>
                  <div
                    class="pf-c-form__group-control"
                  >
                    <div
                      data-testid="customer-name"
                    >
                      <div
                        class="pf-c-select"
                        data-ouia-component-id="0"
                        data-ouia-component-type="PF4/Select"
                        data-ouia-safe="true"
                      >
                        <div
                          class="pf-c-select__toggle pf-m-typeahead"
                        >
                          <div
                            class="pf-c-select__toggle-wrapper"
                          >
                            <input
                              aria-label=""
                              autocomplete="off"
                              class="pf-c-form-control pf-c-select__toggle-typeahead"
                              id="customer_dropdown-select-typeahead"
                              placeholder="NASA"
                              type="text"
                              value=""
                            />
                          </div>
                          <button
                            aria-expanded="false"
                            aria-haspopup="listbox"
                            aria-label="Options menu"
                            aria-labelledby=" customer_dropdown"
                            class="pf-c-button pf-c-select__toggle-button pf-m-plain"
                            id="customer_dropdown"
                            tabindex="-1"
                            type="button"
                          >
                            <svg
                              aria-hidden="true"
                              class="pf-c-select__toggle-arrow"
                              fill="currentColor"
                              height="1em"
                              role="img"
                              style="vertical-align: -0.125em;"
                              viewBox="0 0 320 512"
                              width="1em"
                            >
                              <path
                                d="M31.3 192h257.3c17.8 0 26.7 21.5 14.1 34.1L174.1 354.8c-7.8 7.8-20.5 7.8-28.3 0L17.2 226.1C4.6 213.5 13.5 192 31.3 192z"
                                transform=""
                              />
                            </svg>
                          </button>
                        </div>
                      </div>
                    </div>
                    
                  </div>
                </div>
                <div
                  class="pf-c-form__group"
                >
                  <div
                    class="pf-c-form__group-label"
                  >
                    <label
                      class="pf-c-form__label"
                      for="project-name"
                    >
                      <span
                        class="pf-c-form__label-text"
                      >
                        <div
                          style="display: inline-block;"
                        >
                          <h2
                            class="pf-c-title pf-m-xl"
                          >
                            Engagement Name  
                            <svg
                              aria-hidden="true"
                              fill="lightgrey"
                              height="1em"
                              role="img"
                              style="vertical-align: -0.125em;"
                              viewBox="0 0 512 512"
                              width="1em"
                            >
                              <path
                                d="M504 256c0 136.967-111.033 248-248 248S8 392.967 8 256 119.033 8 256 8s248 111.033 248 248zM227.314 387.314l184-184c6.248-6.248 6.248-16.379 0-22.627l-22.627-22.627c-6.248-6.249-16.379-6.249-22.628 0L216 308.118l-70.059-70.059c-6.248-6.248-16.379-6.248-22.628 0l-22.627 22.627c-6.248 6.248-6.248 16.379 0 22.627l104 104c6.249 6.249 16.379 6.249 22.628.001z"
                                transform=""
                              />
                            </svg>
                          </h2>
                        </div>
                      </span>
                    </label>
                     
                  </div>
                  <div
                    class="pf-c-form__group-control"
                  >
                    <input
                      aria-invalid="false"
                      class="pf-c-form-control"
                      data-cy="new_engagement_name"
                      data-testid="project-name"
                      id="project_name"
                      name="project_name"
                      placeholder="Mars Probe"
                      type="text"
                      value=""
                    />
                    <div
                      aria-live="polite"
                      class="pf-c-form__helper-text"
                      id="project-name-helper"
                    >
                      A descriptive name to idenitfy your engagement
                    </div>
                  </div>
                </div>
                <div
                  class="pf-c-form__group"
                >
                  <div
                    class="pf-c-form__group-label"
                  >
                    <label
                      class="pf-c-form__label"
                      for="region"
                    >
                      <span
                        class="pf-c-form__label-text"
                      >
                        <div
                          style="display: inline-block;"
                        >
                          <h2
                            class="pf-c-title pf-m-xl"
                          >
                            Region  
                            <svg
                              aria-hidden="true"
                              fill="lightgrey"
                              height="1em"
                              role="img"
                              style="vertical-align: -0.125em;"
                              viewBox="0 0 512 512"
                              width="1em"
                            >
                              <path
                                d="M504 256c0 136.967-111.033 248-248 248S8 392.967 8 256 119.033 8 256 8s248 111.033 248 248zM227.314 387.314l184-184c6.248-6.248 6.248-16.379 0-22.627l-22.627-22.627c-6.248-6.249-16.379-6.249-22.628 0L216 308.118l-70.059-70.059c-6.248-6.248-16.379-6.248-22.628 0l-22.627 22.627c-6.248 6.248-6.248 16.379 0 22.627l104 104c6.249 6.249 16.379 6.249 22.628.001z"
                                transform=""
                              />
                            </svg>
                          </h2>
                        </div>
                      </span>
                    </label>
                     
                  </div>
                  <div
                    class="pf-c-form__group-control"
                  >
                    <select
                      aria-invalid="false"
                      class="pf-c-form-control"
                      data-ouia-component-id="1"
                      data-ouia-component-type="PF4/FormSelect"
                      data-ouia-safe="true"
                      data-testid="region"
                    >
                      <option
                        class=""
                        value=""
                      >
                        Select a region
                      </option>
                    </select>
                    <div
                      aria-live="polite"
                      class="pf-c-form__helper-text"
                      id="region-helper"
                    >
                      The region sponsoring the engagement
                    </div>
                  </div>
                </div>
              </form>
              <button
                aria-disabled="true"
                class="pf-c-button pf-m-primary pf-m-disabled"
                data-ouia-component-id="2"
                data-ouia-component-type="PF4/Button"
                data-ouia-safe="true"
                data-testid="create-engagement-button"
                disabled=""
                style="margin: 1rem 0px;"
                type="button"
              >
                Submit
              </button>
            </div>
          </div>
        </section>
      </div>
    </div>
  </body>,
  "container": <div>
    <div
      style="min-height: 100%; display: flex; flex-direction: column;"
    >
      <section
        class="pf-c-page__main-section pf-m-light"
      >
        <h1
          class="pf-c-title pf-m-2xl"
        >
          Create New Engagement
        </h1>
        <h6
          class=""
          data-pf-content="true"
        >
          To create a new Engagement, please enter a client and product name then click submit.
        </h6>
      </section>
      <section
        class="pf-c-page__main-section pf-m-fill"
      >
        <div
          class="pf-l-grid"
        >
          <div
            class="pf-l-grid__item pf-m-12-col-on-md pf-m-6-col-on-lg"
          >
            <form
              class="pf-c-form"
              novalidate=""
            >
              <div
                class="pf-c-form__group"
              >
                <div
                  class="pf-c-form__group-label"
                >
                  <label
                    class="pf-c-form__label"
                    for="customer-name"
                  >
                    <span
                      class="pf-c-form__label-text"
                    >
                      <div
                        style="display: inline-block;"
                      >
                        <h2
                          class="pf-c-title pf-m-xl"
                        >
                          Client Name  
                          <svg
                            aria-hidden="true"
                            fill="lightgrey"
                            height="1em"
                            role="img"
                            style="vertical-align: -0.125em;"
                            viewBox="0 0 512 512"
                            width="1em"
                          >
                            <path
                              d="M504 256c0 136.967-111.033 248-248 248S8 392.967 8 256 119.033 8 256 8s248 111.033 248 248zM227.314 387.314l184-184c6.248-6.248 6.248-16.379 0-22.627l-22.627-22.627c-6.248-6.249-16.379-6.249-22.628 0L216 308.118l-70.059-70.059c-6.248-6.248-16.379-6.248-22.628 0l-22.627 22.627c-6.248 6.248-6.248 16.379 0 22.627l104 104c6.249 6.249 16.379 6.249 22.628.001z"
                              transform=""
                            />
                          </svg>
                        </h2>
                      </div>
                    </span>
                  </label>
                   
                </div>
                <div
                  class="pf-c-form__group-control"
                >
                  <div
                    data-testid="customer-name"
                  >
                    <div
                      class="pf-c-select"
                      data-ouia-component-id="0"
                      data-ouia-component-type="PF4/Select"
                      data-ouia-safe="true"
                    >
                      <div
                        class="pf-c-select__toggle pf-m-typeahead"
                      >
                        <div
                          class="pf-c-select__toggle-wrapper"
                        >
                          <input
                            aria-label=""
                            autocomplete="off"
                            class="pf-c-form-control pf-c-select__toggle-typeahead"
                            id="customer_dropdown-select-typeahead"
                            placeholder="NASA"
                            type="text"
                            value=""
                          />
                        </div>
                        <button
                          aria-expanded="false"
                          aria-haspopup="listbox"
                          aria-label="Options menu"
                          aria-labelledby=" customer_dropdown"
                          class="pf-c-button pf-c-select__toggle-button pf-m-plain"
                          id="customer_dropdown"
                          tabindex="-1"
                          type="button"
                        >
                          <svg
                            aria-hidden="true"
                            class="pf-c-select__toggle-arrow"
                            fill="currentColor"
                            height="1em"
                            role="img"
                            style="vertical-align: -0.125em;"
                            viewBox="0 0 320 512"
                            width="1em"
                          >
                            <path
                              d="M31.3 192h257.3c17.8 0 26.7 21.5 14.1 34.1L174.1 354.8c-7.8 7.8-20.5 7.8-28.3 0L17.2 226.1C4.6 213.5 13.5 192 31.3 192z"
                              transform=""
                            />
                          </svg>
                        </button>
                      </div>
                    </div>
                  </div>
                  
                </div>
              </div>
              <div
                class="pf-c-form__group"
              >
                <div
                  class="pf-c-form__group-label"
                >
                  <label
                    class="pf-c-form__label"
                    for="project-name"
                  >
                    <span
                      class="pf-c-form__label-text"
                    >
                      <div
                        style="display: inline-block;"
                      >
                        <h2
                          class="pf-c-title pf-m-xl"
                        >
                          Engagement Name  
                          <svg
                            aria-hidden="true"
                            fill="lightgrey"
                            height="1em"
                            role="img"
                            style="vertical-align: -0.125em;"
                            viewBox="0 0 512 512"
                            width="1em"
                          >
                            <path
                              d="M504 256c0 136.967-111.033 248-248 248S8 392.967 8 256 119.033 8 256 8s248 111.033 248 248zM227.314 387.314l184-184c6.248-6.248 6.248-16.379 0-22.627l-22.627-22.627c-6.248-6.249-16.379-6.249-22.628 0L216 308.118l-70.059-70.059c-6.248-6.248-16.379-6.248-22.628 0l-22.627 22.627c-6.248 6.248-6.248 16.379 0 22.627l104 104c6.249 6.249 16.379 6.249 22.628.001z"
                              transform=""
                            />
                          </svg>
                        </h2>
                      </div>
                    </span>
                  </label>
                   
                </div>
                <div
                  class="pf-c-form__group-control"
                >
                  <input
                    aria-invalid="false"
                    class="pf-c-form-control"
                    data-cy="new_engagement_name"
                    data-testid="project-name"
                    id="project_name"
                    name="project_name"
                    placeholder="Mars Probe"
                    type="text"
                    value=""
                  />
                  <div
                    aria-live="polite"
                    class="pf-c-form__helper-text"
                    id="project-name-helper"
                  >
                    A descriptive name to idenitfy your engagement
                  </div>
                </div>
              </div>
              <div
                class="pf-c-form__group"
              >
                <div
                  class="pf-c-form__group-label"
                >
                  <label
                    class="pf-c-form__label"
                    for="region"
                  >
                    <span
                      class="pf-c-form__label-text"
                    >
                      <div
                        style="display: inline-block;"
                      >
                        <h2
                          class="pf-c-title pf-m-xl"
                        >
                          Region  
                          <svg
                            aria-hidden="true"
                            fill="lightgrey"
                            height="1em"
                            role="img"
                            style="vertical-align: -0.125em;"
                            viewBox="0 0 512 512"
                            width="1em"
                          >
                            <path
                              d="M504 256c0 136.967-111.033 248-248 248S8 392.967 8 256 119.033 8 256 8s248 111.033 248 248zM227.314 387.314l184-184c6.248-6.248 6.248-16.379 0-22.627l-22.627-22.627c-6.248-6.249-16.379-6.249-22.628 0L216 308.118l-70.059-70.059c-6.248-6.248-16.379-6.248-22.628 0l-22.627 22.627c-6.248 6.248-6.248 16.379 0 22.627l104 104c6.249 6.249 16.379 6.249 22.628.001z"
                              transform=""
                            />
                          </svg>
                        </h2>
                      </div>
                    </span>
                  </label>
                   
                </div>
                <div
                  class="pf-c-form__group-control"
                >
                  <select
                    aria-invalid="false"
                    class="pf-c-form-control"
                    data-ouia-component-id="1"
                    data-ouia-component-type="PF4/FormSelect"
                    data-ouia-safe="true"
                    data-testid="region"
                  >
                    <option
                      class=""
                      value=""
                    >
                      Select a region
                    </option>
                  </select>
                  <div
                    aria-live="polite"
                    class="pf-c-form__helper-text"
                    id="region-helper"
                  >
                    The region sponsoring the engagement
                  </div>
                </div>
              </div>
            </form>
            <button
              aria-disabled="true"
              class="pf-c-button pf-m-primary pf-m-disabled"
              data-ouia-component-id="2"
              data-ouia-component-type="PF4/Button"
              data-ouia-safe="true"
              data-testid="create-engagement-button"
              disabled=""
              style="margin: 1rem 0px;"
              type="button"
            >
              Submit
            </button>
          </div>
        </div>
      </section>
    </div>
  </div>,
  "debug": [Function],
  "findAllByAltText": [Function],
  "findAllByDisplayValue": [Function],
  "findAllByLabelText": [Function],
  "findAllByPlaceholderText": [Function],
  "findAllByRole": [Function],
  "findAllByTestId": [Function],
  "findAllByText": [Function],
  "findAllByTitle": [Function],
  "findByAltText": [Function],
  "findByDisplayValue": [Function],
  "findByLabelText": [Function],
  "findByPlaceholderText": [Function],
  "findByRole": [Function],
  "findByTestId": [Function],
  "findByText": [Function],
  "findByTitle": [Function],
  "getAllByAltText": [Function],
  "getAllByDisplayValue": [Function],
  "getAllByLabelText": [Function],
  "getAllByPlaceholderText": [Function],
  "getAllByRole": [Function],
  "getAllByTestId": [Function],
  "getAllByText": [Function],
  "getAllByTitle": [Function],
  "getByAltText": [Function],
  "getByDisplayValue": [Function],
  "getByLabelText": [Function],
  "getByPlaceholderText": [Function],
  "getByRole": [Function],
  "getByTestId": [Function],
  "getByText": [Function],
  "getByTitle": [Function],
  "queryAllByAltText": [Function],
  "queryAllByDisplayValue": [Function],
  "queryAllByLabelText": [Function],
  "queryAllByPlaceholderText": [Function],
  "queryAllByRole": [Function],
  "queryAllByTestId": [Function],
  "queryAllByText": [Function],
  "queryAllByTitle": [Function],
  "queryByAltText": [Function],
  "queryByDisplayValue": [Function],
  "queryByLabelText": [Function],
  "queryByPlaceholderText": [Function],
  "queryByRole": [Function],
  "queryByTestId": [Function],
  "queryByText": [Function],
  "queryByTitle": [Function],
  "rerender": [Function],
  "unmount": [Function],
}
`;
