// Jest Snapshot v1, https://goo.gl/fbAQLP

exports[`Unauthorized UI should match snapshot 1`] = `
Object {
  "asFragment": [Function],
  "baseElement": <body>
    <div>
      <div
        style="background-color: rgb(237, 237, 237); height: 100vh; padding: 15px; display: flex; align-items: center; justify-content: center;"
      >
        <div
          class="pf-c-empty-state"
        >
          <div
            class="pf-c-empty-state__content"
          >
            <svg
              aria-hidden="true"
              class="pf-c-empty-state__icon"
              fill="currentColor"
              height="1em"
              role="img"
              style="vertical-align: -0.125em;"
              viewBox="0 0 448 512"
              width="1em"
            >
              <path
                d="M400 224h-24v-72C376 68.2 307.8 0 224 0S72 68.2 72 152v72H48c-26.5 0-48 21.5-48 48v192c0 26.5 21.5 48 48 48h352c26.5 0 48-21.5 48-48V272c0-26.5-21.5-48-48-48zm-104 0H152v-72c0-39.7 32.3-72 72-72s72 32.3 72 72v72z"
              />
            </svg>
            <h4
              class="pf-c-title pf-m-lg"
            >
              Access denied
            </h4>
            <div
              class="pf-c-empty-state__body"
            >
              Sorry, your account has not yet been granted access to this system. Please send an email to 
              <a
                href="mailto:undefined"
              />
            </div>
          </div>
        </div>
      </div>
    </div>
  </body>,
  "container": <div>
    <div
      style="background-color: rgb(237, 237, 237); height: 100vh; padding: 15px; display: flex; align-items: center; justify-content: center;"
    >
      <div
        class="pf-c-empty-state"
      >
        <div
          class="pf-c-empty-state__content"
        >
          <svg
            aria-hidden="true"
            class="pf-c-empty-state__icon"
            fill="currentColor"
            height="1em"
            role="img"
            style="vertical-align: -0.125em;"
            viewBox="0 0 448 512"
            width="1em"
          >
            <path
              d="M400 224h-24v-72C376 68.2 307.8 0 224 0S72 68.2 72 152v72H48c-26.5 0-48 21.5-48 48v192c0 26.5 21.5 48 48 48h352c26.5 0 48-21.5 48-48V272c0-26.5-21.5-48-48-48zm-104 0H152v-72c0-39.7 32.3-72 72-72s72 32.3 72 72v72z"
            />
          </svg>
          <h4
            class="pf-c-title pf-m-lg"
          >
            Access denied
          </h4>
          <div
            class="pf-c-empty-state__body"
          >
            Sorry, your account has not yet been granted access to this system. Please send an email to 
            <a
              href="mailto:undefined"
            />
          </div>
        </div>
      </div>
    </div>
  </div>,
  "debug": [Function],
  "findAllByAltText": [Function],
  "findAllByDisplayValue": [Function],
  "findAllByLabelText": [Function],
  "findAllByPlaceholderText": [Function],
  "findAllByRole": [Function],
  "findAllByTestId": [Function],
  "findAllByText": [Function],
  "findAllByTitle": [Function],
  "findByAltText": [Function],
  "findByDisplayValue": [Function],
  "findByLabelText": [Function],
  "findByPlaceholderText": [Function],
  "findByRole": [Function],
  "findByTestId": [Function],
  "findByText": [Function],
  "findByTitle": [Function],
  "getAllByAltText": [Function],
  "getAllByDisplayValue": [Function],
  "getAllByLabelText": [Function],
  "getAllByPlaceholderText": [Function],
  "getAllByRole": [Function],
  "getAllByTestId": [Function],
  "getAllByText": [Function],
  "getAllByTitle": [Function],
  "getByAltText": [Function],
  "getByDisplayValue": [Function],
  "getByLabelText": [Function],
  "getByPlaceholderText": [Function],
  "getByRole": [Function],
  "getByTestId": [Function],
  "getByText": [Function],
  "getByTitle": [Function],
  "queryAllByAltText": [Function],
  "queryAllByDisplayValue": [Function],
  "queryAllByLabelText": [Function],
  "queryAllByPlaceholderText": [Function],
  "queryAllByRole": [Function],
  "queryAllByTestId": [Function],
  "queryAllByText": [Function],
  "queryAllByTitle": [Function],
  "queryByAltText": [Function],
  "queryByDisplayValue": [Function],
  "queryByLabelText": [Function],
  "queryByPlaceholderText": [Function],
  "queryByRole": [Function],
  "queryByTestId": [Function],
  "queryByText": [Function],
  "queryByTitle": [Function],
  "rerender": [Function],
  "unmount": [Function],
}
`;
