// Jest Snapshot v1, https://goo.gl/fbAQLP

exports[`Engagement Artifact Card matches snapshot 1`] = `
Object {
  "asFragment": [Function],
  "baseElement": <body>
    <div>
      <div>
        <article
          class="pf-c-card pf-m-compact"
          data-ouia-component-id="0"
          data-ouia-component-type="PF4/Card"
          data-ouia-safe="true"
          style="padding: 1rem;"
        >
          <div
            class="pf-c-card__title"
          >
            <div
              class="pf-l-level"
            >
              <div>
                <h3
                  class="pf-c-title pf-m-lg"
                  style="font-weight: normal;"
                >
                  Engagement Artifacts
                    
                  <div />
                </h3>
              </div>
              <div />
            </div>
          </div>
          <div
            class="pf-c-card__body"
          >
            <div
              class="pf-c-empty-state"
            >
              <div
                class="pf-c-empty-state__content"
              >
                <svg
                  aria-hidden="true"
                  class="pf-c-empty-state__icon"
                  fill="currentColor"
                  height="1em"
                  role="img"
                  style="font-size: 34px; margin: 0px;"
                  viewBox="0 0 384 512"
                  width="1em"
                >
                  <path
                    d="M336 64h-80c0-35.3-28.7-64-64-64s-64 28.7-64 64H48C21.5 64 0 85.5 0 112v352c0 26.5 21.5 48 48 48h288c26.5 0 48-21.5 48-48V112c0-26.5-21.5-48-48-48zM192 40c13.3 0 24 10.7 24 24s-10.7 24-24 24-24-10.7-24-24 10.7-24 24-24zm121.2 231.8l-143 141.8c-4.7 4.7-12.3 4.6-17-.1l-82.6-83.3c-4.7-4.7-4.6-12.3.1-17L99.1 285c4.7-4.7 12.3-4.6 17 .1l46 46.4 106-105.2c4.7-4.7 12.3-4.6 17 .1l28.2 28.4c4.7 4.8 4.6 12.3-.1 17z"
                    transform=""
                  />
                </svg>
                <h5
                  class="pf-c-title pf-m-md"
                  style="margin-top: 0px;"
                >
                  No Artifacts Added
                </h5>
                <div
                  class="pf-c-empty-state__body"
                >
                  <p>
                    Click 'Add Artifact' button to start adding artifacts
                  </p>
                </div>
              </div>
            </div>
          </div>
        </article>
      </div>
    </div>
  </body>,
  "container": <div>
    <div>
      <article
        class="pf-c-card pf-m-compact"
        data-ouia-component-id="0"
        data-ouia-component-type="PF4/Card"
        data-ouia-safe="true"
        style="padding: 1rem;"
      >
        <div
          class="pf-c-card__title"
        >
          <div
            class="pf-l-level"
          >
            <div>
              <h3
                class="pf-c-title pf-m-lg"
                style="font-weight: normal;"
              >
                Engagement Artifacts
                  
                <div />
              </h3>
            </div>
            <div />
          </div>
        </div>
        <div
          class="pf-c-card__body"
        >
          <div
            class="pf-c-empty-state"
          >
            <div
              class="pf-c-empty-state__content"
            >
              <svg
                aria-hidden="true"
                class="pf-c-empty-state__icon"
                fill="currentColor"
                height="1em"
                role="img"
                style="font-size: 34px; margin: 0px;"
                viewBox="0 0 384 512"
                width="1em"
              >
                <path
                  d="M336 64h-80c0-35.3-28.7-64-64-64s-64 28.7-64 64H48C21.5 64 0 85.5 0 112v352c0 26.5 21.5 48 48 48h288c26.5 0 48-21.5 48-48V112c0-26.5-21.5-48-48-48zM192 40c13.3 0 24 10.7 24 24s-10.7 24-24 24-24-10.7-24-24 10.7-24 24-24zm121.2 231.8l-143 141.8c-4.7 4.7-12.3 4.6-17-.1l-82.6-83.3c-4.7-4.7-4.6-12.3.1-17L99.1 285c4.7-4.7 12.3-4.6 17 .1l46 46.4 106-105.2c4.7-4.7 12.3-4.6 17 .1l28.2 28.4c4.7 4.8 4.6 12.3-.1 17z"
                  transform=""
                />
              </svg>
              <h5
                class="pf-c-title pf-m-md"
                style="margin-top: 0px;"
              >
                No Artifacts Added
              </h5>
              <div
                class="pf-c-empty-state__body"
              >
                <p>
                  Click 'Add Artifact' button to start adding artifacts
                </p>
              </div>
            </div>
          </div>
        </div>
      </article>
    </div>
  </div>,
  "debug": [Function],
  "findAllByAltText": [Function],
  "findAllByDisplayValue": [Function],
  "findAllByLabelText": [Function],
  "findAllByPlaceholderText": [Function],
  "findAllByRole": [Function],
  "findAllByTestId": [Function],
  "findAllByText": [Function],
  "findAllByTitle": [Function],
  "findByAltText": [Function],
  "findByDisplayValue": [Function],
  "findByLabelText": [Function],
  "findByPlaceholderText": [Function],
  "findByRole": [Function],
  "findByTestId": [Function],
  "findByText": [Function],
  "findByTitle": [Function],
  "getAllByAltText": [Function],
  "getAllByDisplayValue": [Function],
  "getAllByLabelText": [Function],
  "getAllByPlaceholderText": [Function],
  "getAllByRole": [Function],
  "getAllByTestId": [Function],
  "getAllByText": [Function],
  "getAllByTitle": [Function],
  "getByAltText": [Function],
  "getByDisplayValue": [Function],
  "getByLabelText": [Function],
  "getByPlaceholderText": [Function],
  "getByRole": [Function],
  "getByTestId": [Function],
  "getByText": [Function],
  "getByTitle": [Function],
  "queryAllByAltText": [Function],
  "queryAllByDisplayValue": [Function],
  "queryAllByLabelText": [Function],
  "queryAllByPlaceholderText": [Function],
  "queryAllByRole": [Function],
  "queryAllByTestId": [Function],
  "queryAllByText": [Function],
  "queryAllByTitle": [Function],
  "queryByAltText": [Function],
  "queryByDisplayValue": [Function],
  "queryByLabelText": [Function],
  "queryByPlaceholderText": [Function],
  "queryByRole": [Function],
  "queryByTestId": [Function],
  "queryByText": [Function],
  "queryByTitle": [Function],
  "rerender": [Function],
  "unmount": [Function],
}
`;
