// Jest Snapshot v1, https://goo.gl/fbAQLP

exports[`Root app matches snapshot 1`] = `
Object {
  "asFragment": [Function],
  "baseElement": <body>
    <div>
      <div
        class="landing-page"
      >
        <div
          class="pf-c-page"
        >
          <header
            class="pf-c-page__header"
            toolbar="[object Object]"
          >
            <div
              class="pf-c-page__header-brand"
            >
              <a
                class="pf-c-page__header-brand-link"
              >
                <span
                  class="logo-text"
                >
                  LodeStar
                </span>
              </a>
            </div>
          </header>
          <main
            class="pf-c-page__main"
            tabindex="-1"
          >
            <section
              class="pf-c-page__main-section"
              style="padding: 0px;"
            >
              <div
                style="height: 25px;"
              />
            </section>
            <div
              class="jumbotron-container"
            >
              <div
                class="cta"
              >
                <span>
                  LodeStar
                </span>
                <a
                  href="/app"
                >
                  <button
                    aria-disabled="false"
                    class="pf-c-button pf-m-primary"
                    data-cy="get_started_button"
                    data-ouia-component-id="0"
                    data-ouia-component-type="PF4/Button"
                    data-ouia-safe="true"
                    type="button"
                  >
                    Get Started
                  </button>
                </a>
              </div>
              <div
                class="background-image"
              />
              <div
                class="background-image-overlay"
              />
            </div>
            <section
              class="pf-c-page__main-section"
            />
          </main>
        </div>
      </div>
    </div>
  </body>,
  "container": <div>
    <div
      class="landing-page"
    >
      <div
        class="pf-c-page"
      >
        <header
          class="pf-c-page__header"
          toolbar="[object Object]"
        >
          <div
            class="pf-c-page__header-brand"
          >
            <a
              class="pf-c-page__header-brand-link"
            >
              <span
                class="logo-text"
              >
                LodeStar
              </span>
            </a>
          </div>
        </header>
        <main
          class="pf-c-page__main"
          tabindex="-1"
        >
          <section
            class="pf-c-page__main-section"
            style="padding: 0px;"
          >
            <div
              style="height: 25px;"
            />
          </section>
          <div
            class="jumbotron-container"
          >
            <div
              class="cta"
            >
              <span>
                LodeStar
              </span>
              <a
                href="/app"
              >
                <button
                  aria-disabled="false"
                  class="pf-c-button pf-m-primary"
                  data-cy="get_started_button"
                  data-ouia-component-id="0"
                  data-ouia-component-type="PF4/Button"
                  data-ouia-safe="true"
                  type="button"
                >
                  Get Started
                </button>
              </a>
            </div>
            <div
              class="background-image"
            />
            <div
              class="background-image-overlay"
            />
          </div>
          <section
            class="pf-c-page__main-section"
          />
        </main>
      </div>
    </div>
  </div>,
  "debug": [Function],
  "findAllByAltText": [Function],
  "findAllByDisplayValue": [Function],
  "findAllByLabelText": [Function],
  "findAllByPlaceholderText": [Function],
  "findAllByRole": [Function],
  "findAllByTestId": [Function],
  "findAllByText": [Function],
  "findAllByTitle": [Function],
  "findByAltText": [Function],
  "findByDisplayValue": [Function],
  "findByLabelText": [Function],
  "findByPlaceholderText": [Function],
  "findByRole": [Function],
  "findByTestId": [Function],
  "findByText": [Function],
  "findByTitle": [Function],
  "getAllByAltText": [Function],
  "getAllByDisplayValue": [Function],
  "getAllByLabelText": [Function],
  "getAllByPlaceholderText": [Function],
  "getAllByRole": [Function],
  "getAllByTestId": [Function],
  "getAllByText": [Function],
  "getAllByTitle": [Function],
  "getByAltText": [Function],
  "getByDisplayValue": [Function],
  "getByLabelText": [Function],
  "getByPlaceholderText": [Function],
  "getByRole": [Function],
  "getByTestId": [Function],
  "getByText": [Function],
  "getByTitle": [Function],
  "queryAllByAltText": [Function],
  "queryAllByDisplayValue": [Function],
  "queryAllByLabelText": [Function],
  "queryAllByPlaceholderText": [Function],
  "queryAllByRole": [Function],
  "queryAllByTestId": [Function],
  "queryAllByText": [Function],
  "queryAllByTitle": [Function],
  "queryByAltText": [Function],
  "queryByDisplayValue": [Function],
  "queryByLabelText": [Function],
  "queryByPlaceholderText": [Function],
  "queryByRole": [Function],
  "queryByTestId": [Function],
  "queryByText": [Function],
  "queryByTitle": [Function],
  "rerender": [Function],
  "unmount": [Function],
}
`;
