// Jest Snapshot v1, https://goo.gl/fbAQLP

exports[`Engagement Tab View should match snapshot 1`] = `
Object {
  "asFragment": [Function],
  "baseElement": <body>
    <div>
      <div
        class="pf-c-tabs pf-m-box"
        data-ouia-component-id="1"
        data-ouia-component-type="PF4/Tabs"
        data-ouia-safe="true"
      >
        <button
          aria-hidden="true"
          aria-label="Scroll left"
          class="pf-c-tabs__scroll-button"
          disabled=""
        >
          <svg
            aria-hidden="true"
            fill="currentColor"
            height="1em"
            role="img"
            style="vertical-align: -0.125em;"
            viewBox="0 0 256 512"
            width="1em"
          >
            <path
              d="M31.7 239l136-136c9.4-9.4 24.6-9.4 33.9 0l22.6 22.6c9.4 9.4 9.4 24.6 0 33.9L127.9 256l96.4 96.4c9.4 9.4 9.4 24.6 0 33.9L201.7 409c-9.4 9.4-24.6 9.4-33.9 0l-136-136c-9.5-9.4-9.5-24.6-.1-34z"
              transform=""
            />
          </svg>
        </button>
        <ul
          class="pf-c-tabs__list"
        >
          <li
            class="pf-c-tabs__item pf-m-current"
          >
            <button
              aria-controls="pf-tab-section-overview-overview"
              class="pf-c-tabs__link"
              id="pf-tab-overview-overview"
            >
              Overview
            </button>
          </li>
          <li
            class="pf-c-tabs__item"
          >
            <button
              aria-controls="pf-tab-section-basic_info-basic_information"
              class="pf-c-tabs__link"
              id="pf-tab-basic_info-basic_information"
            >
              Basic Information
            </button>
          </li>
          <li
            class="pf-c-tabs__item"
          >
            <button
              aria-controls="pf-tab-section-users-users"
              class="pf-c-tabs__link"
              id="pf-tab-users-users"
            >
              Users
            </button>
          </li>
          <li
            class="pf-c-tabs__item"
          >
            <button
              aria-controls="pf-tab-section-cluster_info-cluster_information"
              class="pf-c-tabs__link"
              id="pf-tab-cluster_info-cluster_information"
            >
              Cluster Information
            </button>
          </li>
        </ul>
        <button
          aria-hidden="true"
          aria-label="Scroll right"
          class="pf-c-tabs__scroll-button"
          disabled=""
        >
          <svg
            aria-hidden="true"
            fill="currentColor"
            height="1em"
            role="img"
            style="vertical-align: -0.125em;"
            viewBox="0 0 256 512"
            width="1em"
          >
            <path
              d="M224.3 273l-136 136c-9.4 9.4-24.6 9.4-33.9 0l-22.6-22.6c-9.4-9.4-9.4-24.6 0-33.9l96.4-96.4-96.4-96.4c-9.4-9.4-9.4-24.6 0-33.9L54.3 103c9.4-9.4 24.6-9.4 33.9 0l136 136c9.5 9.4 9.5 24.6.1 34z"
              transform=""
            />
          </svg>
        </button>
      </div>
      <section
        aria-labelledby="pf-tab-overview-overview"
        class="pf-c-tab-content"
        id="pf-tab-section-overview-overview"
        role="tabpanel"
        tabindex="0"
      >
        <div
          style="padding-top: 20px;"
        >
          <div
            class="pf-c-content"
          >
            <div>
              <div
                class="pf-l-grid pf-m-gutter"
              >
                <div
                  class="pf-l-grid__item pf-m-6-col"
                >
                  <article
                    class="pf-c-card"
                  >
                    <div
                      class="pf-c-card__title"
                    >
                      <h2
                        class="pf-c-title pf-m-xl"
                      >
                        Engagement Summary
                      </h2>
                    </div>
                    <div
                      class="pf-c-card__body"
                    >
                      <div
                        class="pf-l-grid pf-m-gutter"
                      >
                        <div
                          class="pf-l-grid__item pf-m-6-col"
                        >
                          <div
                            class="pf-c-content"
                          >
                            <h6
                              class=""
                              data-pf-content="true"
                            >
                              Company
                            </h6>
                          </div>
                        </div>
                        <div
                          class="pf-l-grid__item pf-m-6-col"
                        >
                          <div
                            class="pf-c-content"
                          >
                            <h6
                              class=""
                              data-pf-content="true"
                            >
                              Project
                            </h6>
                          </div>
                        </div>
                        <div
                          class="pf-l-grid__item pf-m-6-col"
                        >
                          <div
                            class="pf-c-content"
                          >
                            <h6
                              class=""
                              data-pf-content="true"
                            >
                              Start Date
                            </h6>
                          </div>
                        </div>
                        <div
                          class="pf-l-grid__item pf-m-6-col"
                        >
                          <div
                            class="pf-c-content"
                          >
                            <h6
                              class=""
                              data-pf-content="true"
                            >
                              End Date
                            </h6>
                          </div>
                        </div>
                      </div>
                    </div>
                  </article>
                </div>
                <div
                  class="pf-l-grid__item pf-m-6-col"
                >
                  <article
                    class="pf-c-card"
                  >
                    <div
                      class="pf-c-card__title"
                    >
                      <h2
                        class="pf-c-title pf-m-xl"
                      >
                        Points of Contact
                      </h2>
                    </div>
                    <div
                      class="pf-c-card__body"
                    >
                      <div
                        class="pf-l-grid pf-m-gutter"
                      >
                        <div
                          class="pf-l-grid__item pf-m-6-col"
                        >
                          <div
                            class="pf-c-content"
                          >
                            <h6
                              class=""
                              data-pf-content="true"
                            >
                              Engagement Lead
                            </h6>
                          </div>
                        </div>
                        <div
                          class="pf-l-grid__item pf-m-6-col"
                        >
                          <div
                            class="pf-c-content"
                          >
                            <h6
                              class=""
                              data-pf-content="true"
                            >
                              Technical Lead
                            </h6>
                          </div>
                        </div>
                        <div
                          class="pf-l-grid__item pf-m-6-col"
                        >
                          <div
                            class="pf-c-content"
                          >
                            <h6
                              class=""
                              data-pf-content="true"
                            >
                              Customer Contact
                            </h6>
                          </div>
                        </div>
                      </div>
                    </div>
                  </article>
                </div>
                <div
                  class="pf-l-grid__item pf-m-12-col"
                >
                  <article
                    class="pf-c-card"
                  >
                    <div
                      class="pf-c-card__title"
                    >
                      <h2
                        class="pf-c-title pf-m-xl"
                      >
                        Openshift Information
                      </h2>
                    </div>
                    <div
                      class="pf-c-card__body"
                    >
                      <div
                        class="pf-l-grid pf-m-gutter"
                      >
                        <div
                          class="pf-l-grid__item pf-m-3-col"
                        >
                          <div
                            class="pf-c-content"
                          >
                            <h6
                              class=""
                              data-pf-content="true"
                            >
                              Cloud Provider
                            </h6>
                          </div>
                        </div>
                        <div
                          class="pf-l-grid__item pf-m-3-col"
                        >
                          <div
                            class="pf-c-content"
                          >
                            <h6
                              class=""
                              data-pf-content="true"
                            >
                              Openshift Version
                            </h6>
                          </div>
                        </div>
                        <div
                          class="pf-l-grid__item pf-m-3-col"
                        >
                          <div
                            class="pf-c-content"
                          >
                            <h6
                              class=""
                              data-pf-content="true"
                            >
                              Storage Size
                            </h6>
                          </div>
                        </div>
                        <div
                          class="pf-l-grid__item pf-m-3-col"
                        >
                          <div
                            class="pf-c-content"
                          >
                            <h6
                              class=""
                              data-pf-content="true"
                            >
                              Cloud Region
                            </h6>
                          </div>
                        </div>
                        <div
                          class="pf-l-grid__item pf-m-3-col"
                        >
                          <div
                            class="pf-c-content"
                          >
                            <h6
                              class=""
                              data-pf-content="true"
                            >
                              Cloud Provider
                            </h6>
                          </div>
                        </div>
                        <div
                          class="pf-l-grid__item pf-m-3-col"
                        >
                          <div
                            class="pf-c-content"
                          >
                            <h6
                              class=""
                              data-pf-content="true"
                            >
                              Subdomain
                            </h6>
                          </div>
                        </div>
                        <div
                          class="pf-l-grid__item pf-m-3-col"
                        >
                          <div />
                        </div>
                      </div>
                    </div>
                  </article>
                </div>
              </div>
            </div>
          </div>
        </div>
      </section>
      <section
        aria-labelledby="pf-tab-basic_info-basic_information"
        class="pf-c-tab-content"
        hidden=""
        id="pf-tab-section-basic_info-basic_information"
        role="tabpanel"
        tabindex="0"
      >
        <div
          style="padding-top: 20px;"
        >
          <div />
        </div>
      </section>
      <section
        aria-labelledby="pf-tab-users-users"
        class="pf-c-tab-content"
        hidden=""
        id="pf-tab-section-users-users"
        role="tabpanel"
        tabindex="0"
      >
        <div
          style="padding-top: 20px;"
        >
          <div />
        </div>
      </section>
      <section
        aria-labelledby="pf-tab-cluster_info-cluster_information"
        class="pf-c-tab-content"
        hidden=""
        id="pf-tab-section-cluster_info-cluster_information"
        role="tabpanel"
        tabindex="0"
      >
        <div
          style="padding-top: 20px;"
        >
          <div />
        </div>
      </section>
    </div>
  </body>,
  "container": <div>
    <div
      class="pf-c-tabs pf-m-box"
      data-ouia-component-id="1"
      data-ouia-component-type="PF4/Tabs"
      data-ouia-safe="true"
    >
      <button
        aria-hidden="true"
        aria-label="Scroll left"
        class="pf-c-tabs__scroll-button"
        disabled=""
      >
        <svg
          aria-hidden="true"
          fill="currentColor"
          height="1em"
          role="img"
          style="vertical-align: -0.125em;"
          viewBox="0 0 256 512"
          width="1em"
        >
          <path
            d="M31.7 239l136-136c9.4-9.4 24.6-9.4 33.9 0l22.6 22.6c9.4 9.4 9.4 24.6 0 33.9L127.9 256l96.4 96.4c9.4 9.4 9.4 24.6 0 33.9L201.7 409c-9.4 9.4-24.6 9.4-33.9 0l-136-136c-9.5-9.4-9.5-24.6-.1-34z"
            transform=""
          />
        </svg>
      </button>
      <ul
        class="pf-c-tabs__list"
      >
        <li
          class="pf-c-tabs__item pf-m-current"
        >
          <button
            aria-controls="pf-tab-section-overview-overview"
            class="pf-c-tabs__link"
            id="pf-tab-overview-overview"
          >
            Overview
          </button>
        </li>
        <li
          class="pf-c-tabs__item"
        >
          <button
            aria-controls="pf-tab-section-basic_info-basic_information"
            class="pf-c-tabs__link"
            id="pf-tab-basic_info-basic_information"
          >
            Basic Information
          </button>
        </li>
        <li
          class="pf-c-tabs__item"
        >
          <button
            aria-controls="pf-tab-section-users-users"
            class="pf-c-tabs__link"
            id="pf-tab-users-users"
          >
            Users
          </button>
        </li>
        <li
          class="pf-c-tabs__item"
        >
          <button
            aria-controls="pf-tab-section-cluster_info-cluster_information"
            class="pf-c-tabs__link"
            id="pf-tab-cluster_info-cluster_information"
          >
            Cluster Information
          </button>
        </li>
      </ul>
      <button
        aria-hidden="true"
        aria-label="Scroll right"
        class="pf-c-tabs__scroll-button"
        disabled=""
      >
        <svg
          aria-hidden="true"
          fill="currentColor"
          height="1em"
          role="img"
          style="vertical-align: -0.125em;"
          viewBox="0 0 256 512"
          width="1em"
        >
          <path
            d="M224.3 273l-136 136c-9.4 9.4-24.6 9.4-33.9 0l-22.6-22.6c-9.4-9.4-9.4-24.6 0-33.9l96.4-96.4-96.4-96.4c-9.4-9.4-9.4-24.6 0-33.9L54.3 103c9.4-9.4 24.6-9.4 33.9 0l136 136c9.5 9.4 9.5 24.6.1 34z"
            transform=""
          />
        </svg>
      </button>
    </div>
    <section
      aria-labelledby="pf-tab-overview-overview"
      class="pf-c-tab-content"
      id="pf-tab-section-overview-overview"
      role="tabpanel"
      tabindex="0"
    >
      <div
        style="padding-top: 20px;"
      >
        <div
          class="pf-c-content"
        >
          <div>
            <div
              class="pf-l-grid pf-m-gutter"
            >
              <div
                class="pf-l-grid__item pf-m-6-col"
              >
                <article
                  class="pf-c-card"
                >
                  <div
                    class="pf-c-card__title"
                  >
                    <h2
                      class="pf-c-title pf-m-xl"
                    >
                      Engagement Summary
                    </h2>
                  </div>
                  <div
                    class="pf-c-card__body"
                  >
                    <div
                      class="pf-l-grid pf-m-gutter"
                    >
                      <div
                        class="pf-l-grid__item pf-m-6-col"
                      >
                        <div
                          class="pf-c-content"
                        >
                          <h6
                            class=""
                            data-pf-content="true"
                          >
                            Company
                          </h6>
                        </div>
                      </div>
                      <div
                        class="pf-l-grid__item pf-m-6-col"
                      >
                        <div
                          class="pf-c-content"
                        >
                          <h6
                            class=""
                            data-pf-content="true"
                          >
                            Project
                          </h6>
                        </div>
                      </div>
                      <div
                        class="pf-l-grid__item pf-m-6-col"
                      >
                        <div
                          class="pf-c-content"
                        >
                          <h6
                            class=""
                            data-pf-content="true"
                          >
                            Start Date
                          </h6>
                        </div>
                      </div>
                      <div
                        class="pf-l-grid__item pf-m-6-col"
                      >
                        <div
                          class="pf-c-content"
                        >
                          <h6
                            class=""
                            data-pf-content="true"
                          >
                            End Date
                          </h6>
                        </div>
                      </div>
                    </div>
                  </div>
                </article>
              </div>
              <div
                class="pf-l-grid__item pf-m-6-col"
              >
                <article
                  class="pf-c-card"
                >
                  <div
                    class="pf-c-card__title"
                  >
                    <h2
                      class="pf-c-title pf-m-xl"
                    >
                      Points of Contact
                    </h2>
                  </div>
                  <div
                    class="pf-c-card__body"
                  >
                    <div
                      class="pf-l-grid pf-m-gutter"
                    >
                      <div
                        class="pf-l-grid__item pf-m-6-col"
                      >
                        <div
                          class="pf-c-content"
                        >
                          <h6
                            class=""
                            data-pf-content="true"
                          >
                            Engagement Lead
                          </h6>
                        </div>
                      </div>
                      <div
                        class="pf-l-grid__item pf-m-6-col"
                      >
                        <div
                          class="pf-c-content"
                        >
                          <h6
                            class=""
                            data-pf-content="true"
                          >
                            Technical Lead
                          </h6>
                        </div>
                      </div>
                      <div
                        class="pf-l-grid__item pf-m-6-col"
                      >
                        <div
                          class="pf-c-content"
                        >
                          <h6
                            class=""
                            data-pf-content="true"
                          >
                            Customer Contact
                          </h6>
                        </div>
                      </div>
                    </div>
                  </div>
                </article>
              </div>
              <div
                class="pf-l-grid__item pf-m-12-col"
              >
                <article
                  class="pf-c-card"
                >
                  <div
                    class="pf-c-card__title"
                  >
                    <h2
                      class="pf-c-title pf-m-xl"
                    >
                      Openshift Information
                    </h2>
                  </div>
                  <div
                    class="pf-c-card__body"
                  >
                    <div
                      class="pf-l-grid pf-m-gutter"
                    >
                      <div
                        class="pf-l-grid__item pf-m-3-col"
                      >
                        <div
                          class="pf-c-content"
                        >
                          <h6
                            class=""
                            data-pf-content="true"
                          >
                            Cloud Provider
                          </h6>
                        </div>
                      </div>
                      <div
                        class="pf-l-grid__item pf-m-3-col"
                      >
                        <div
                          class="pf-c-content"
                        >
                          <h6
                            class=""
                            data-pf-content="true"
                          >
                            Openshift Version
                          </h6>
                        </div>
                      </div>
                      <div
                        class="pf-l-grid__item pf-m-3-col"
                      >
                        <div
                          class="pf-c-content"
                        >
                          <h6
                            class=""
                            data-pf-content="true"
                          >
                            Storage Size
                          </h6>
                        </div>
                      </div>
                      <div
                        class="pf-l-grid__item pf-m-3-col"
                      >
                        <div
                          class="pf-c-content"
                        >
                          <h6
                            class=""
                            data-pf-content="true"
                          >
                            Cloud Region
                          </h6>
                        </div>
                      </div>
                      <div
                        class="pf-l-grid__item pf-m-3-col"
                      >
                        <div
                          class="pf-c-content"
                        >
                          <h6
                            class=""
                            data-pf-content="true"
                          >
                            Cloud Provider
                          </h6>
                        </div>
                      </div>
                      <div
                        class="pf-l-grid__item pf-m-3-col"
                      >
                        <div
                          class="pf-c-content"
                        >
                          <h6
                            class=""
                            data-pf-content="true"
                          >
                            Subdomain
                          </h6>
                        </div>
                      </div>
                      <div
                        class="pf-l-grid__item pf-m-3-col"
                      >
                        <div />
                      </div>
                    </div>
                  </div>
                </article>
              </div>
            </div>
          </div>
        </div>
      </div>
    </section>
    <section
      aria-labelledby="pf-tab-basic_info-basic_information"
      class="pf-c-tab-content"
      hidden=""
      id="pf-tab-section-basic_info-basic_information"
      role="tabpanel"
      tabindex="0"
    >
      <div
        style="padding-top: 20px;"
      >
        <div />
      </div>
    </section>
    <section
      aria-labelledby="pf-tab-users-users"
      class="pf-c-tab-content"
      hidden=""
      id="pf-tab-section-users-users"
      role="tabpanel"
      tabindex="0"
    >
      <div
        style="padding-top: 20px;"
      >
        <div />
      </div>
    </section>
    <section
      aria-labelledby="pf-tab-cluster_info-cluster_information"
      class="pf-c-tab-content"
      hidden=""
      id="pf-tab-section-cluster_info-cluster_information"
      role="tabpanel"
      tabindex="0"
    >
      <div
        style="padding-top: 20px;"
      >
        <div />
      </div>
    </section>
  </div>,
  "debug": [Function],
  "findAllByAltText": [Function],
  "findAllByDisplayValue": [Function],
  "findAllByLabelText": [Function],
  "findAllByPlaceholderText": [Function],
  "findAllByRole": [Function],
  "findAllByTestId": [Function],
  "findAllByText": [Function],
  "findAllByTitle": [Function],
  "findByAltText": [Function],
  "findByDisplayValue": [Function],
  "findByLabelText": [Function],
  "findByPlaceholderText": [Function],
  "findByRole": [Function],
  "findByTestId": [Function],
  "findByText": [Function],
  "findByTitle": [Function],
  "getAllByAltText": [Function],
  "getAllByDisplayValue": [Function],
  "getAllByLabelText": [Function],
  "getAllByPlaceholderText": [Function],
  "getAllByRole": [Function],
  "getAllByTestId": [Function],
  "getAllByText": [Function],
  "getAllByTitle": [Function],
  "getByAltText": [Function],
  "getByDisplayValue": [Function],
  "getByLabelText": [Function],
  "getByPlaceholderText": [Function],
  "getByRole": [Function],
  "getByTestId": [Function],
  "getByText": [Function],
  "getByTitle": [Function],
  "queryAllByAltText": [Function],
  "queryAllByDisplayValue": [Function],
  "queryAllByLabelText": [Function],
  "queryAllByPlaceholderText": [Function],
  "queryAllByRole": [Function],
  "queryAllByTestId": [Function],
  "queryAllByText": [Function],
  "queryAllByTitle": [Function],
  "queryByAltText": [Function],
  "queryByDisplayValue": [Function],
  "queryByLabelText": [Function],
  "queryByPlaceholderText": [Function],
  "queryByRole": [Function],
  "queryByTestId": [Function],
  "queryByText": [Function],
  "queryByTitle": [Function],
  "rerender": [Function],
  "unmount": [Function],
}
`;
